
> frontend@0.0.0 build
> tsc -b && vite build

[36mvite v8.0.12 [32mbuilding client environment for production...[36m[39m
[2K
transforming...Γ£ô 4248 modules transformed.
rendering chunks...
